Copyright 1986-2022 Xilinx, Inc. All Rights Reserved. Copyright 2022-2024 Advanced Micro Devices, Inc. All Rights Reserved.
------------------------------------------------------------------------------------------------------------------------------------------------------------------------------------------------------
| Tool Version : Vivado v.2024.1 (win64) Build 5076996 Wed May 22 18:37:14 MDT 2024
| Date         : Thu Sep  4 10:37:43 2025
| Host         : VIT-SYS-340 running 64-bit major release  (build 9200)
| Command      : report_timing_summary -max_paths 10 -report_unconstrained -file ALU_timing_summary_routed.rpt -pb ALU_timing_summary_routed.pb -rpx ALU_timing_summary_routed.rpx -warn_on_violation
| Design       : ALU
| Device       : 7s50-csga324
| Speed File   : -1  PRODUCTION 1.23 2018-06-13
| Design State : Routed
------------------------------------------------------------------------------------------------------------------------------------------------------------------------------------------------------

Timing Summary Report

------------------------------------------------------------------------------------------------
| Timer Settings
| --------------
------------------------------------------------------------------------------------------------

  Enable Multi Corner Analysis               :  Yes
  Enable Pessimism Removal                   :  Yes
  Pessimism Removal Resolution               :  Nearest Common Node
  Enable Input Delay Default Clock           :  No
  Enable Preset / Clear Arcs                 :  No
  Disable Flight Delays                      :  No
  Ignore I/O Paths                           :  No
  Timing Early Launch at Borrowing Latches   :  No
  Borrow Time for Max Delay Exceptions       :  Yes
  Merge Timing Exceptions                    :  Yes
  Inter-SLR Compensation                     :  Conservative

  Corner  Analyze    Analyze    
  Name    Max Paths  Min Paths  
  ------  ---------  ---------  
  Slow    Yes        Yes        
  Fast    Yes        Yes        


------------------------------------------------------------------------------------------------
| Report Methodology
| ------------------
------------------------------------------------------------------------------------------------

No report available as report_methodology has not been run prior. Run report_methodology on the current design for the summary of methodology violations.



check_timing report

Table of Contents
-----------------
1. checking no_clock (0)
2. checking constant_clock (0)
3. checking pulse_width_clock (0)
4. checking unconstrained_internal_endpoints (0)
5. checking no_input_delay (0)
6. checking no_output_delay (0)
7. checking multiple_clock (0)
8. checking generated_clocks (0)
9. checking loops (0)
10. checking partial_input_delay (0)
11. checking partial_output_delay (0)
12. checking latch_loops (0)

1. checking no_clock (0)
------------------------
 There are 0 register/latch pins with no clock.


2. checking constant_clock (0)
------------------------------
 There are 0 register/latch pins with constant_clock.


3. checking pulse_width_clock (0)
---------------------------------
 There are 0 register/latch pins which need pulse_width check


4. checking unconstrained_internal_endpoints (0)
------------------------------------------------
 There are 0 pins that are not constrained for maximum delay.

 There are 0 pins that are not constrained for maximum delay due to constant clock.


5. checking no_input_delay (0)
------------------------------
 There are 0 input ports with no input delay specified.

 There are 0 input ports with no input delay but user has a false path constraint.


6. checking no_output_delay (0)
-------------------------------
 There are 0 ports with no output delay specified.

 There are 0 ports with no output delay but user has a false path constraint

 There are 0 ports with no output delay but with a timing clock defined on it or propagating through it


7. checking multiple_clock (0)
------------------------------
 There are 0 register/latch pins with multiple clocks.


8. checking generated_clocks (0)
--------------------------------
 There are 0 generated clocks that are not connected to a clock source.


9. checking loops (0)
---------------------
 There are 0 combinational loops in the design.


10. checking partial_input_delay (0)
------------------------------------
 There are 0 input ports with partial input delay specified.


11. checking partial_output_delay (0)
-------------------------------------
 There are 0 ports with partial output delay specified.


12. checking latch_loops (0)
----------------------------
 There are 0 combinational latch loops in the design through latch input



------------------------------------------------------------------------------------------------
| Design Timing Summary
| ---------------------
------------------------------------------------------------------------------------------------

    WNS(ns)      TNS(ns)  TNS Failing Endpoints  TNS Total Endpoints      WHS(ns)      THS(ns)  THS Failing Endpoints  THS Total Endpoints     WPWS(ns)     TPWS(ns)  TPWS Failing Endpoints  TPWS Total Endpoints  
    -------      -------  ---------------------  -------------------      -------      -------  ---------------------  -------------------     --------     --------  ----------------------  --------------------  
        inf        0.000                      0                    5          inf        0.000                      0                    5           NA           NA                      NA                    NA  


There are no user specified timing constraints.


------------------------------------------------------------------------------------------------
| Clock Summary
| -------------
------------------------------------------------------------------------------------------------


------------------------------------------------------------------------------------------------
| Intra Clock Table
| -----------------
------------------------------------------------------------------------------------------------

Clock             WNS(ns)      TNS(ns)  TNS Failing Endpoints  TNS Total Endpoints      WHS(ns)      THS(ns)  THS Failing Endpoints  THS Total Endpoints     WPWS(ns)     TPWS(ns)  TPWS Failing Endpoints  TPWS Total Endpoints  
-----             -------      -------  ---------------------  -------------------      -------      -------  ---------------------  -------------------     --------     --------  ----------------------  --------------------  


------------------------------------------------------------------------------------------------
| Inter Clock Table
| -----------------
------------------------------------------------------------------------------------------------

From Clock    To Clock          WNS(ns)      TNS(ns)  TNS Failing Endpoints  TNS Total Endpoints      WHS(ns)      THS(ns)  THS Failing Endpoints  THS Total Endpoints  
----------    --------          -------      -------  ---------------------  -------------------      -------      -------  ---------------------  -------------------  


------------------------------------------------------------------------------------------------
| Other Path Groups Table
| -----------------------
------------------------------------------------------------------------------------------------

Path Group    From Clock    To Clock          WNS(ns)      TNS(ns)  TNS Failing Endpoints  TNS Total Endpoints      WHS(ns)      THS(ns)  THS Failing Endpoints  THS Total Endpoints  
----------    ----------    --------          -------      -------  ---------------------  -------------------      -------      -------  ---------------------  -------------------  


------------------------------------------------------------------------------------------------
| User Ignored Path Table
| -----------------------
------------------------------------------------------------------------------------------------

Path Group    From Clock    To Clock    
----------    ----------    --------    


------------------------------------------------------------------------------------------------
| Unconstrained Path Table
| ------------------------
------------------------------------------------------------------------------------------------

Path Group    From Clock    To Clock    
----------    ----------    --------    
(none)                                    


------------------------------------------------------------------------------------------------
| Timing Details
| --------------
------------------------------------------------------------------------------------------------


--------------------------------------------------------------------------------------
Path Group:  (none)
From Clock:  
  To Clock:  

Max Delay             5 Endpoints
Min Delay             5 Endpoints
--------------------------------------------------------------------------------------


Max Delay Paths
--------------------------------------------------------------------------------------
Slack:                    inf
  Source:                 ALU_sel[0]
                            (input port)
  Destination:            ALU_out[3]
                            (output port)
  Path Group:             (none)
  Path Type:              Max at Slow Process Corner
  Data Path Delay:        11.560ns  (logic 5.628ns (48.685%)  route 5.932ns (51.315%))
  Logic Levels:           5  (IBUF=1 LUT5=2 MUXF7=1 OBUF=1)

    Location             Delay type                Incr(ns)  Path(ns)    Netlist Resource(s)
  -------------------------------------------------------------------    -------------------
    T2                                                0.000     0.000 r  ALU_sel[0] (IN)
                         net (fo=0)                   0.000     0.000    ALU_sel[0]
    T2                   IBUF (Prop_ibuf_I_O)         1.445     1.445 r  ALU_sel_IBUF[0]_inst/O
                         net (fo=9, routed)           2.184     3.630    ALU_sel_IBUF[0]
    SLICE_X65Y44         LUT5 (Prop_lut5_I0_O)        0.124     3.754 r  ALU_out_OBUF[3]_inst_i_4/O
                         net (fo=1, routed)           0.665     4.419    ALU_out_OBUF[3]_inst_i_4_n_0
    SLICE_X65Y44         LUT5 (Prop_lut5_I0_O)        0.124     4.543 r  ALU_out_OBUF[3]_inst_i_3/O
                         net (fo=1, routed)           0.000     4.543    ALU_out_OBUF[3]_inst_i_3_n_0
    SLICE_X65Y44         MUXF7 (Prop_muxf7_I1_O)      0.217     4.760 r  ALU_out_OBUF[3]_inst_i_1/O
                         net (fo=1, routed)           3.083     7.842    ALU_out_OBUF[3]
    A4                   OBUF (Prop_obuf_I_O)         3.717    11.560 r  ALU_out_OBUF[3]_inst/O
                         net (fo=0)                   0.000    11.560    ALU_out[3]
    A4                                                                r  ALU_out[3] (OUT)
  -------------------------------------------------------------------    -------------------

Slack:                    inf
  Source:                 B[0]
                            (input port)
  Destination:            ALU_out[2]
                            (output port)
  Path Group:             (none)
  Path Type:              Max at Slow Process Corner
  Data Path Delay:        11.227ns  (logic 5.850ns (52.109%)  route 5.377ns (47.891%))
  Logic Levels:           5  (IBUF=1 LUT4=1 LUT6=1 MUXF7=1 OBUF=1)

    Location             Delay type                Incr(ns)  Path(ns)    Netlist Resource(s)
  -------------------------------------------------------------------    -------------------
    P2                                                0.000     0.000 f  B[0] (IN)
                         net (fo=0)                   0.000     0.000    B[0]
    P2                   IBUF (Prop_ibuf_I_O)         1.457     1.457 f  B_IBUF[0]_inst/O
                         net (fo=6, routed)           1.991     3.448    B_IBUF[0]
    SLICE_X64Y43         LUT4 (Prop_lut4_I2_O)        0.153     3.601 r  ALU_out_OBUF[2]_inst_i_4/O
                         net (fo=1, routed)           0.289     3.890    ALU_out_OBUF[2]_inst_i_4_n_0
    SLICE_X64Y43         LUT6 (Prop_lut6_I1_O)        0.331     4.221 r  ALU_out_OBUF[2]_inst_i_2/O
                         net (fo=1, routed)           0.000     4.221    ALU_out_OBUF[2]_inst_i_2_n_0
    SLICE_X64Y43         MUXF7 (Prop_muxf7_I0_O)      0.209     4.430 r  ALU_out_OBUF[2]_inst_i_1/O
                         net (fo=1, routed)           3.096     7.526    ALU_out_OBUF[2]
    B4                   OBUF (Prop_obuf_I_O)         3.700    11.227 r  ALU_out_OBUF[2]_inst/O
                         net (fo=0)                   0.000    11.227    ALU_out[2]
    B4                                                                r  ALU_out[2] (OUT)
  -------------------------------------------------------------------    -------------------

Slack:                    inf
  Source:                 B[2]
                            (input port)
  Destination:            Carryout
                            (output port)
  Path Group:             (none)
  Path Type:              Max at Slow Process Corner
  Data Path Delay:        10.733ns  (logic 5.237ns (48.791%)  route 5.497ns (51.209%))
  Logic Levels:           4  (IBUF=1 LUT6=2 OBUF=1)

    Location             Delay type                Incr(ns)  Path(ns)    Netlist Resource(s)
  -------------------------------------------------------------------    -------------------
    N2                                                0.000     0.000 r  B[2] (IN)
                         net (fo=0)                   0.000     0.000    B[2]
    N2                   IBUF (Prop_ibuf_I_O)         1.456     1.456 r  B_IBUF[2]_inst/O
                         net (fo=4, routed)           1.783     3.239    B_IBUF[2]
    SLICE_X65Y43         LUT6 (Prop_lut6_I0_O)        0.124     3.363 r  Carryout_OBUF_inst_i_2/O
                         net (fo=2, routed)           0.815     4.179    Carryout_OBUF_inst_i_2_n_0
    SLICE_X65Y44         LUT6 (Prop_lut6_I0_O)        0.124     4.303 r  Carryout_OBUF_inst_i_1/O
                         net (fo=1, routed)           2.898     7.200    Carryout_OBUF
    B2                   OBUF (Prop_obuf_I_O)         3.533    10.733 r  Carryout_OBUF_inst/O
                         net (fo=0)                   0.000    10.733    Carryout
    B2                                                                r  Carryout (OUT)
  -------------------------------------------------------------------    -------------------

Slack:                    inf
  Source:                 ALU_sel[0]
                            (input port)
  Destination:            ALU_out[0]
                            (output port)
  Path Group:             (none)
  Path Type:              Max at Slow Process Corner
  Data Path Delay:        10.497ns  (logic 5.324ns (50.719%)  route 5.173ns (49.281%))
  Logic Levels:           3  (IBUF=1 LUT5=1 OBUF=1)

    Location             Delay type                Incr(ns)  Path(ns)    Netlist Resource(s)
  -------------------------------------------------------------------    -------------------
    T2                                                0.000     0.000 r  ALU_sel[0] (IN)
                         net (fo=0)                   0.000     0.000    ALU_sel[0]
    T2                   IBUF (Prop_ibuf_I_O)         1.445     1.445 r  ALU_sel_IBUF[0]_inst/O
                         net (fo=9, routed)           2.071     3.517    ALU_sel_IBUF[0]
    SLICE_X64Y44         LUT5 (Prop_lut5_I1_O)        0.148     3.665 r  ALU_out_OBUF[0]_inst_i_1/O
                         net (fo=1, routed)           3.102     6.766    ALU_out_OBUF[0]
    B3                   OBUF (Prop_obuf_I_O)         3.730    10.497 r  ALU_out_OBUF[0]_inst/O
                         net (fo=0)                   0.000    10.497    ALU_out[0]
    B3                                                                r  ALU_out[0] (OUT)
  -------------------------------------------------------------------    -------------------

Slack:                    inf
  Source:                 B[0]
                            (input port)
  Destination:            ALU_out[1]
                            (output port)
  Path Group:             (none)
  Path Type:              Max at Slow Process Corner
  Data Path Delay:        10.409ns  (logic 5.505ns (52.886%)  route 4.904ns (47.114%))
  Logic Levels:           4  (IBUF=1 LUT6=1 MUXF7=1 OBUF=1)

    Location             Delay type                Incr(ns)  Path(ns)    Netlist Resource(s)
  -------------------------------------------------------------------    -------------------
    P2                                                0.000     0.000 r  B[0] (IN)
                         net (fo=0)                   0.000     0.000    B[0]
    P2                   IBUF (Prop_ibuf_I_O)         1.457     1.457 r  B_IBUF[0]_inst/O
                         net (fo=6, routed)           2.003     3.460    B_IBUF[0]
    SLICE_X65Y43         LUT6 (Prop_lut6_I3_O)        0.124     3.584 r  ALU_out_OBUF[1]_inst_i_2/O
                         net (fo=1, routed)           0.000     3.584    ALU_out_OBUF[1]_inst_i_2_n_0
    SLICE_X65Y43         MUXF7 (Prop_muxf7_I0_O)      0.212     3.796 r  ALU_out_OBUF[1]_inst_i_1/O
                         net (fo=1, routed)           2.901     6.697    ALU_out_OBUF[1]
    A3                   OBUF (Prop_obuf_I_O)         3.712    10.409 r  ALU_out_OBUF[1]_inst/O
                         net (fo=0)                   0.000    10.409    ALU_out[1]
    A3                                                                r  ALU_out[1] (OUT)
  -------------------------------------------------------------------    -------------------





Min Delay Paths
--------------------------------------------------------------------------------------
Slack:                    inf
  Source:                 A[3]
                            (input port)
  Destination:            Carryout
                            (output port)
  Path Group:             (none)
  Path Type:              Min at Fast Process Corner
  Data Path Delay:        2.682ns  (logic 1.497ns (55.825%)  route 1.185ns (44.175%))
  Logic Levels:           3  (IBUF=1 LUT6=1 OBUF=1)

    Location             Delay type                Incr(ns)  Path(ns)    Netlist Resource(s)
  -------------------------------------------------------------------    -------------------
    K1                                                0.000     0.000 r  A[3] (IN)
                         net (fo=0)                   0.000     0.000    A[3]
    K1                   IBUF (Prop_ibuf_I_O)         0.218     0.218 r  A_IBUF[3]_inst/O
                         net (fo=4, routed)           0.327     0.545    A_IBUF[3]
    SLICE_X65Y44         LUT6 (Prop_lut6_I2_O)        0.045     0.590 r  Carryout_OBUF_inst_i_1/O
                         net (fo=1, routed)           0.858     1.448    Carryout_OBUF
    B2                   OBUF (Prop_obuf_I_O)         1.234     2.682 r  Carryout_OBUF_inst/O
                         net (fo=0)                   0.000     2.682    Carryout
    B2                                                                r  Carryout (OUT)
  -------------------------------------------------------------------    -------------------

Slack:                    inf
  Source:                 A[1]
                            (input port)
  Destination:            ALU_out[1]
                            (output port)
  Path Group:             (none)
  Path Type:              Min at Fast Process Corner
  Data Path Delay:        2.850ns  (logic 1.625ns (56.998%)  route 1.226ns (43.002%))
  Logic Levels:           4  (IBUF=1 LUT6=1 MUXF7=1 OBUF=1)

    Location             Delay type                Incr(ns)  Path(ns)    Netlist Resource(s)
  -------------------------------------------------------------------    -------------------
    L1                                                0.000     0.000 r  A[1] (IN)
                         net (fo=0)                   0.000     0.000    A[1]
    L1                   IBUF (Prop_ibuf_I_O)         0.217     0.217 r  A_IBUF[1]_inst/O
                         net (fo=8, routed)           0.347     0.564    A_IBUF[1]
    SLICE_X65Y43         LUT6 (Prop_lut6_I5_O)        0.045     0.609 r  ALU_out_OBUF[1]_inst_i_2/O
                         net (fo=1, routed)           0.000     0.609    ALU_out_OBUF[1]_inst_i_2_n_0
    SLICE_X65Y43         MUXF7 (Prop_muxf7_I0_O)      0.062     0.671 r  ALU_out_OBUF[1]_inst_i_1/O
                         net (fo=1, routed)           0.879     1.550    ALU_out_OBUF[1]
    A3                   OBUF (Prop_obuf_I_O)         1.301     2.850 r  ALU_out_OBUF[1]_inst/O
                         net (fo=0)                   0.000     2.850    ALU_out[1]
    A3                                                                r  ALU_out[1] (OUT)
  -------------------------------------------------------------------    -------------------

Slack:                    inf
  Source:                 A[3]
                            (input port)
  Destination:            ALU_out[3]
                            (output port)
  Path Group:             (none)
  Path Type:              Min at Fast Process Corner
  Data Path Delay:        2.921ns  (logic 1.631ns (55.849%)  route 1.290ns (44.151%))
  Logic Levels:           4  (IBUF=1 LUT6=1 MUXF7=1 OBUF=1)

    Location             Delay type                Incr(ns)  Path(ns)    Netlist Resource(s)
  -------------------------------------------------------------------    -------------------
    K1                                                0.000     0.000 r  A[3] (IN)
                         net (fo=0)                   0.000     0.000    A[3]
    K1                   IBUF (Prop_ibuf_I_O)         0.218     0.218 r  A_IBUF[3]_inst/O
                         net (fo=4, routed)           0.361     0.579    A_IBUF[3]
    SLICE_X65Y44         LUT6 (Prop_lut6_I5_O)        0.045     0.624 r  ALU_out_OBUF[3]_inst_i_2/O
                         net (fo=1, routed)           0.000     0.624    ALU_out_OBUF[3]_inst_i_2_n_0
    SLICE_X65Y44         MUXF7 (Prop_muxf7_I0_O)      0.062     0.686 r  ALU_out_OBUF[3]_inst_i_1/O
                         net (fo=1, routed)           0.929     1.615    ALU_out_OBUF[3]
    A4                   OBUF (Prop_obuf_I_O)         1.306     2.921 r  ALU_out_OBUF[3]_inst/O
                         net (fo=0)                   0.000     2.921    ALU_out[3]
    A4                                                                r  ALU_out[3] (OUT)
  -------------------------------------------------------------------    -------------------

Slack:                    inf
  Source:                 A[1]
                            (input port)
  Destination:            ALU_out[2]
                            (output port)
  Path Group:             (none)
  Path Type:              Min at Fast Process Corner
  Data Path Delay:        2.978ns  (logic 1.617ns (54.300%)  route 1.361ns (45.700%))
  Logic Levels:           4  (IBUF=1 LUT6=1 MUXF7=1 OBUF=1)

    Location             Delay type                Incr(ns)  Path(ns)    Netlist Resource(s)
  -------------------------------------------------------------------    -------------------
    L1                                                0.000     0.000 r  A[1] (IN)
                         net (fo=0)                   0.000     0.000    A[1]
    L1                   IBUF (Prop_ibuf_I_O)         0.217     0.217 r  A_IBUF[1]_inst/O
                         net (fo=8, routed)           0.402     0.619    A_IBUF[1]
    SLICE_X64Y43         LUT6 (Prop_lut6_I1_O)        0.045     0.664 r  ALU_out_OBUF[2]_inst_i_3/O
                         net (fo=1, routed)           0.000     0.664    ALU_out_OBUF[2]_inst_i_3_n_0
    SLICE_X64Y43         MUXF7 (Prop_muxf7_I1_O)      0.064     0.728 r  ALU_out_OBUF[2]_inst_i_1/O
                         net (fo=1, routed)           0.959     1.687    ALU_out_OBUF[2]
    B4                   OBUF (Prop_obuf_I_O)         1.291     2.978 r  ALU_out_OBUF[2]_inst/O
                         net (fo=0)                   0.000     2.978    ALU_out[2]
    B4                                                                r  ALU_out[2] (OUT)
  -------------------------------------------------------------------    -------------------

Slack:                    inf
  Source:                 B[0]
                            (input port)
  Destination:            ALU_out[0]
                            (output port)
  Path Group:             (none)
  Path Type:              Min at Fast Process Corner
  Data Path Delay:        3.139ns  (logic 1.566ns (49.890%)  route 1.573ns (50.110%))
  Logic Levels:           3  (IBUF=1 LUT5=1 OBUF=1)

    Location             Delay type                Incr(ns)  Path(ns)    Netlist Resource(s)
  -------------------------------------------------------------------    -------------------
    P2                                                0.000     0.000 r  B[0] (IN)
                         net (fo=0)                   0.000     0.000    B[0]
    P2                   IBUF (Prop_ibuf_I_O)         0.225     0.225 r  B_IBUF[0]_inst/O
                         net (fo=6, routed)           0.628     0.852    B_IBUF[0]
    SLICE_X64Y44         LUT5 (Prop_lut5_I4_O)        0.048     0.900 r  ALU_out_OBUF[0]_inst_i_1/O
                         net (fo=1, routed)           0.946     1.846    ALU_out_OBUF[0]
    B3                   OBUF (Prop_obuf_I_O)         1.293     3.139 r  ALU_out_OBUF[0]_inst/O
                         net (fo=0)                   0.000     3.139    ALU_out[0]
    B3                                                                r  ALU_out[0] (OUT)
  -------------------------------------------------------------------    -------------------





