#-----------------------------------------------------------
# Vivado v2024.1 (64-bit)
# SW Build 5076996 on Wed May 22 18:37:14 MDT 2024
# IP Build 5075265 on Wed May 22 21:45:21 MDT 2024
# SharedData Build 5076995 on Wed May 22 18:29:18 MDT 2024
# Start of session at: Thu Sep  4 10:36:59 2025
# Process ID: 8472
# Current directory: C:/Users/VIT/AM/Lab_7/ALU.runs/impl_1
# Command line: vivado.exe -log ALU.vdi -applog -product Vivado -messageDb vivado.pb -mode batch -source ALU.tcl -notrace
# Log file: C:/Users/VIT/AM/Lab_7/ALU.runs/impl_1/ALU.vdi
# Journal file: C:/Users/VIT/AM/Lab_7/ALU.runs/impl_1\vivado.jou
# Running On        :VIT-SYS-340
# Platform          :Windows Server 2016 or Windows 10
# Operating System  :26100
# Processor Detail  :12th Gen Intel(R) Core(TM) i5-12400
# CPU Frequency     :2496 MHz
# CPU Physical cores:6
# CPU Logical cores :12
# Host memory       :16881 MB
# Swap memory       :1073 MB
# Total Virtual     :17954 MB
# Available Virtual :5601 MB
#-----------------------------------------------------------
source ALU.tcl -notrace
